// Jest Snapshot v1, https://goo.gl/fbAQLP

exports[`Form snapshot 1`] = `
<v-row-stub tag="div" justify="center">
  <v-dialog-stub opendelay="0" closedelay="0" contentclass="" maxwidth="600px" origin="center center" persistent="true" retainfocus="true" transition="dialog-transition" width="auto">
    <v-card-stub loaderheight="4" tag="div">
      <v-card-title-stub><span class="text-h5">User Profile</span></v-card-title-stub>
      <v-card-text-stub>
        <v-container-stub tag="div">
          <v-row-stub tag="div">
            <v-col-stub cols="12" sm="6" md="4" tag="div">
              <v-text-field-stub errorcount="1" errormessages="" messages="" rules="" successmessages="" backgroundcolor="" label="first name*" loaderheight="2" clearicon="$clear" type="text" required=""></v-text-field-stub>
            </v-col-stub>
            <v-col-stub cols="12" sm="6" md="4" tag="div">
              <v-text-field-stub errorcount="1" errormessages="" messages="" rules="" successmessages="" backgroundcolor="" label="last name*" loaderheight="2" clearicon="$clear" type="text" required=""></v-text-field-stub>
            </v-col-stub>
            <v-col-stub cols="12" tag="div">
              <v-text-field-stub errorcount="1" errormessages="" messages="" rules="" successmessages="" backgroundcolor="" label="Email*" loaderheight="2" clearicon="$clear" type="text" required=""></v-text-field-stub>
            </v-col-stub>
          </v-row-stub>
        </v-container-stub> <small>*indicates required field</small>
      </v-card-text-stub>
      <v-card-actions-stub>
        <v-spacer-stub></v-spacer-stub>
        <v-btn-stub color="blue darken-1" tag="button" activeclass="" text="true" type="button">
          Close
        </v-btn-stub>
        <v-btn-stub color="blue darken-1" tag="button" activeclass="" text="true" type="button">
          Save
        </v-btn-stub>
      </v-card-actions-stub>
    </v-card-stub>
  </v-dialog-stub>
</v-row-stub>
`;
